flutter : Package path_provider:linux references path_provider_linux:linux as 
the default plugin, but the package does not exist, or is not a plugin package.
At line:1 char:1
+ flutter test 2>&1 | Out-File -FilePath test_output.txt; Get-Content t ...
+ ~~~~~~~~~~~~~~~~~
    + CategoryInfo          : NotSpecified: (Package path_pr...plugin package.:S 
   tring) [], RemoteException
    + FullyQualifiedErrorId : NativeCommandError
 
Ask the maintainers of path_provider to either avoid referencing a default 
implementation via `platforms: linux: default_package: path_provider_linux` or 
create a plugin named path_provider_linux.

Package shared_preferences:linux references shared_preferences_linux:linux as 
the default plugin, but the package does not exist, or is not a plugin package.
Ask the maintainers of shared_preferences to either avoid referencing a default 
implementation via `platforms: linux: default_package: shared_preferences_linux` 
or create a plugin named shared_preferences_linux.

Package path_provider:windows references path_provider_windows:windows as the 
default plugin, but the package does not exist, or is not a plugin package.
Ask the maintainers of path_provider to either avoid referencing a default 
implementation via `platforms: windows: default_package: path_provider_windows` 
or create a plugin named path_provider_windows.

Package shared_preferences:windows references shared_preferences_windows:windows 
as the default plugin, but the package does not exist, or is not a plugin 
package.
Ask the maintainers of shared_preferences to either avoid referencing a default 
implementation via `platforms: windows: default_package: 
shared_preferences_windows` or create a plugin named shared_preferences_windows.

Package shared_preferences:linux references shared_preferences_linux:linux as 
the default plugin, but the package does not exist, or is not a plugin package.
Ask the maintainers of shared_preferences to either avoid referencing a default 
implementation via `platforms: linux: default_package: shared_preferences_linux` 
or create a plugin named shared_preferences_linux.

Package path_provider:linux references path_provider_linux:linux as the default 
plugin, but the package does not exist, or is not a plugin package.
Ask the maintainers of path_provider to either avoid referencing a default 
implementation via `platforms: linux: default_package: path_provider_linux` or 
create a plugin named path_provider_linux.

Package shared_preferences:windows references shared_preferences_windows:windows 
as the default plugin, but the package does not exist, or is not a plugin 
package.
Ask the maintainers of shared_preferences to either avoid referencing a default 
implementation via `platforms: windows: default_package: 
shared_preferences_windows` or create a plugin named shared_preferences_windows.

Package path_provider:windows references path_provider_windows:windows as the 
default plugin, but the package does not exist, or is not a plugin package.
Ask the maintainers of path_provider to either avoid referencing a default 
implementation via `platforms: windows: default_package: path_provider_windows` 
or create a plugin named path_provider_windows.

00:00 +0: loading C:/Users/prana/OneDrive/Desktop/game/flutter-tower/test/boss_mechanics_test.dart
Package shared_preferences:linux references shared_preferences_linux:linux as 
the default plugin, but the package does not exist, or is not a plugin package.
Ask the maintainers of shared_preferences to either avoid referencing a default 
implementation via `platforms: linux: default_package: shared_preferences_linux` 
or create a plugin named shared_preferences_linux.

Package path_provider:linux references path_provider_linux:linux as the default 
plugin, but the package does not exist, or is not a plugin package.
Ask the maintainers of path_provider to either avoid referencing a default 
implementation via `platforms: linux: default_package: path_provider_linux` or 
create a plugin named path_provider_linux.

Package shared_preferences:windows references shared_preferences_windows:windows 
as the default plugin, but the package does not exist, or is not a plugin 
package.
Ask the maintainers of shared_preferences to either avoid referencing a default 
implementation via `platforms: windows: default_package: 
shared_preferences_windows` or create a plugin named shared_preferences_windows.

Package path_provider:windows references path_provider_windows:windows as the 
default plugin, but the package does not exist, or is not a plugin package.
Ask the maintainers of path_provider to either avoid referencing a default 
implementation via `platforms: windows: default_package: path_provider_windows` 
or create a plugin named path_provider_windows.

Package shared_preferences:linux references shared_preferences_linux:linux as 
the default plugin, but the package does not exist, or is not a plugin package.
Ask the maintainers of shared_preferences to either avoid referencing a default 
implementation via `platforms: linux: default_package: shared_preferences_linux` 
or create a plugin named shared_preferences_linux.

Package path_provider:linux references path_provider_linux:linux as the default 
plugin, but the package does not exist, or is not a plugin package.
Ask the maintainers of path_provider to either avoid referencing a default 
implementation via `platforms: linux: default_package: path_provider_linux` or 
create a plugin named path_provider_linux.

Package shared_preferences:windows references shared_preferences_windows:windows 
as the default plugin, but the package does not exist, or is not a plugin 
package.
Ask the maintainers of shared_preferences to either avoid referencing a default 
implementation via `platforms: windows: default_package: 
shared_preferences_windows` or create a plugin named shared_preferences_windows.

Package path_provider:windows references path_provider_windows:windows as the 
default plugin, but the package does not exist, or is not a plugin package.
Ask the maintainers of path_provider to either avoid referencing a default 
implementation via `platforms: windows: default_package: path_provider_windows` 
or create a plugin named path_provider_windows.

00:00 +0: C:/Users/prana/OneDrive/Desktop/game/flutter-tower/test/boss_mechanics_test.dart: Boss Mechanics Boss wave occurs every 5 waves
Package shared_preferences:linux references shared_preferences_linux:linux as 
the default plugin, but the package does not exist, or is not a plugin package.
Ask the maintainers of shared_preferences to either avoid referencing a default 
implementation via `platforms: linux: default_package: shared_preferences_linux` 
or create a plugin named shared_preferences_linux.

Package path_provider:linux references path_provider_linux:linux as the default 
plugin, but the package does not exist, or is not a plugin package.
Ask the maintainers of path_provider to either avoid referencing a default 
implementation via `platforms: linux: default_package: path_provider_linux` or 
create a plugin named path_provider_linux.

Package shared_preferences:windows references shared_preferences_windows:windows 
as the default plugin, but the package does not exist, or is not a plugin 
package.
Ask the maintainers of shared_preferences to either avoid referencing a default 
implementation via `platforms: windows: default_package: 
shared_preferences_windows` or create a plugin named shared_preferences_windows.

Package path_provider:windows references path_provider_windows:windows as the 
default plugin, but the package does not exist, or is not a plugin package.
Ask the maintainers of path_provider to either avoid referencing a default 
implementation via `platforms: windows: default_package: path_provider_windows` 
or create a plugin named path_provider_windows.

00:00 +1: C:/Users/prana/OneDrive/Desktop/game/flutter-tower/test/boss_mechanics_test.dart: Boss Mechanics Boss tower is created on boss wave
00:00 +2: C:/Users/prana/OneDrive/Desktop/game/flutter-tower/test/boss_mechanics_test.dart: Boss Mechanics Boss spawns with scaled health
00:00 +3: C:/Users/prana/OneDrive/Desktop/game/flutter-tower/test/boss_mechanics_test.dart: Boss Mechanics Boss defeat triggers heal and counter increment
00:00 +4: C:/Users/prana/OneDrive/Desktop/game/flutter-tower/test/boss_mechanics_test.dart: Boss Mechanics Boss health scales exponentially with defeats
00:00 +5: C:/Users/prana/OneDrive/Desktop/game/flutter-tower/test/collision_detector_test.dart: Collision Detector Missile pool initializes correctly
00:00 +6: C:/Users/prana/OneDrive/Desktop/game/flutter-tower/test/collision_detector_test.dart: Collision Detector Fire missile activates from pool
00:00 +7: C:/Users/prana/OneDrive/Desktop/game/flutter-tower/test/collision_detector_test.dart: Collision Detector Missile returns to pool after exploding
00:00 +8: C:/Users/prana/OneDrive/Desktop/game/flutter-tower/test/collision_detector_test.dart: Collision Detector Missile explodes on contact with target
00:00 +9: C:/Users/prana/OneDrive/Desktop/game/flutter-tower/test/collision_detector_test.dart: Collision Detector Missile expires after lifetime
00:00 +10: C:/Users/prana/OneDrive/Desktop/game/flutter-tower/test/collision_detector_test.dart: Collision Detector Clear removes all missiles
Package shared_preferences:linux references shared_preferences_linux:linux as 
the default plugin, but the package does not exist, or is not a plugin package.
Ask the maintainers of shared_preferences to either avoid referencing a default 
implementation via `platforms: linux: default_package: shared_preferences_linux` 
or create a plugin named shared_preferences_linux.

Package path_provider:linux references path_provider_linux:linux as the default 
plugin, but the package does not exist, or is not a plugin package.
Ask the maintainers of path_provider to either avoid referencing a default 
implementation via `platforms: linux: default_package: path_provider_linux` or 
create a plugin named path_provider_linux.

Package shared_preferences:windows references shared_preferences_windows:windows 
as the default plugin, but the package does not exist, or is not a plugin 
package.
Ask the maintainers of shared_preferences to either avoid referencing a default 
implementation via `platforms: windows: default_package: 
shared_preferences_windows` or create a plugin named shared_preferences_windows.

Package path_provider:windows references path_provider_windows:windows as the 
default plugin, but the package does not exist, or is not a plugin package.
Ask the maintainers of path_provider to either avoid referencing a default 
implementation via `platforms: windows: default_package: path_provider_windows` 
or create a plugin named path_provider_windows.

Package shared_preferences:linux references shared_preferences_linux:linux as 
the default plugin, but the package does not exist, or is not a plugin package.
Ask the maintainers of shared_preferences to either avoid referencing a default 
implementation via `platforms: linux: default_package: shared_preferences_linux` 
or create a plugin named shared_preferences_linux.

Package path_provider:linux references path_provider_linux:linux as the default 
plugin, but the package does not exist, or is not a plugin package.
Ask the maintainers of path_provider to either avoid referencing a default 
implementation via `platforms: linux: default_package: path_provider_linux` or 
create a plugin named path_provider_linux.

Package shared_preferences:windows references shared_preferences_windows:windows 
as the default plugin, but the package does not exist, or is not a plugin 
package.
Ask the maintainers of shared_preferences to either avoid referencing a default 
implementation via `platforms: windows: default_package: 
shared_preferences_windows` or create a plugin named shared_preferences_windows.

Package path_provider:windows references path_provider_windows:windows as the 
default plugin, but the package does not exist, or is not a plugin package.
Ask the maintainers of path_provider to either avoid referencing a default 
implementation via `platforms: windows: default_package: path_provider_windows` 
or create a plugin named path_provider_windows.

00:00 +11: C:/Users/prana/OneDrive/Desktop/game/flutter-tower/test/data_persistence_test.dart: Data Persistence and Security Preferences initialize with defaults
00:00 +12: C:/Users/prana/OneDrive/Desktop/game/flutter-tower/test/data_persistence_test.dart: Data Persistence and Security Stretch mode persists correctly
00:00 +13: C:/Users/prana/OneDrive/Desktop/game/flutter-tower/test/data_persistence_test.dart: Data Persistence and Security Sound enabled persists correctly
00:00 +14: C:/Users/prana/OneDrive/Desktop/game/flutter-tower/test/data_persistence_test.dart: Data Persistence and Security Tutorial completion persists
00:00 +15: C:/Users/prana/OneDrive/Desktop/game/flutter-tower/test/data_persistence_test.dart: Data Persistence and Security Best wave updates correctly
Package shared_preferences:linux references shared_preferences_linux:linux as 
the default plugin, but the package does not exist, or is not a plugin package.
Ask the maintainers of shared_preferences to either avoid referencing a default 
implementation via `platforms: linux: default_package: shared_preferences_linux` 
or create a plugin named shared_preferences_linux.

Package path_provider:linux references path_provider_linux:linux as the default 
plugin, but the package does not exist, or is not a plugin package.
Ask the maintainers of path_provider to either avoid referencing a default 
implementation via `platforms: linux: default_package: path_provider_linux` or 
create a plugin named path_provider_linux.

Package shared_preferences:windows references shared_preferences_windows:windows 
as the default plugin, but the package does not exist, or is not a plugin 
package.
Ask the maintainers of shared_preferences to either avoid referencing a default 
implementation via `platforms: windows: default_package: 
shared_preferences_windows` or create a plugin named shared_preferences_windows.

Package path_provider:windows references path_provider_windows:windows as the 
default plugin, but the package does not exist, or is not a plugin package.
Ask the maintainers of path_provider to either avoid referencing a default 
implementation via `platforms: windows: default_package: path_provider_windows` 
or create a plugin named path_provider_windows.

00:00 +16: C:/Users/prana/OneDrive/Desktop/game/flutter-tower/test/data_persistence_test.dart: Data Persistence and Security Multiple maps tracked independently
00:00 +17: C:/Users/prana/OneDrive/Desktop/game/flutter-tower/test/data_persistence_test.dart: Data Persistence and Security Unknown map returns 0
00:00 +18: C:/Users/prana/OneDrive/Desktop/game/flutter-tower/test/data_persistence_test.dart: Data Persistence and Security Corrupted data handled gracefully
00:00 +19: C:/Users/prana/OneDrive/Desktop/game/flutter-tower/test/enemy_mechanics_test.dart: Enemy Mechanics Enemy spawns at spawn tower position
00:00 +20: C:/Users/prana/OneDrive/Desktop/game/flutter-tower/test/enemy_mechanics_test.dart: Enemy Mechanics Enemy takes damage correctly
00:00 +21: C:/Users/prana/OneDrive/Desktop/game/flutter-tower/test/enemy_mechanics_test.dart: Enemy Mechanics Enemy dies when health reaches zero
00:00 +22: C:/Users/prana/OneDrive/Desktop/game/flutter-tower/test/enemy_mechanics_test.dart: Enemy Mechanics Enemy grants cash on death
00:00 +23: C:/Users/prana/OneDrive/Desktop/game/flutter-tower/test/enemy_mechanics_test.dart: Enemy Mechanics Immune enemies take no damage from immune types
00:00 +24: C:/Users/prana/OneDrive/Desktop/game/flutter-tower/test/enemy_mechanics_test.dart: Enemy Mechanics Resistant enemies take reduced damage
00:00 +25: C:/Users/prana/OneDrive/Desktop/game/flutter-tower/test/enemy_mechanics_test.dart: Enemy Mechanics Weak enemies take increased damage
00:00 +26: C:/Users/prana/OneDrive/Desktop/game/flutter-tower/test/enemy_mechanics_test.dart: Enemy Mechanics Slow effect reduces enemy speed
00:00 +27: C:/Users/prana/OneDrive/Desktop/game/flutter-tower/test/enemy_mechanics_test.dart: Enemy Mechanics Poison effect deals damage over time
00:00 +28: C:/Users/prana/OneDrive/Desktop/game/flutter-tower/test/enemy_mechanics_test.dart: Pathfinding Edge Cases Handles blocked paths gracefully
00:01 +29: C:/Users/prana/OneDrive/Desktop/game/flutter-tower/test/game_integration_test.dart: Game Integration Tests Complete game flow: start to wave 3
Package shared_preferences:linux references shared_preferences_linux:linux as 
the default plugin, but the package does not exist, or is not a plugin package.
Ask the maintainers of shared_preferences to either avoid referencing a default 
implementation via `platforms: linux: default_package: shared_preferences_linux` 
or create a plugin named shared_preferences_linux.

Package path_provider:linux references path_provider_linux:linux as the default 
plugin, but the package does not exist, or is not a plugin package.
Ask the maintainers of path_provider to either avoid referencing a default 
implementation via `platforms: linux: default_package: path_provider_linux` or 
create a plugin named path_provider_linux.

Package shared_preferences:windows references shared_preferences_windows:windows 
as the default plugin, but the package does not exist, or is not a plugin 
package.
Ask the maintainers of shared_preferences to either avoid referencing a default 
implementation via `platforms: windows: default_package: 
shared_preferences_windows` or create a plugin named shared_preferences_windows.

Package path_provider:windows references path_provider_windows:windows as the 
default plugin, but the package does not exist, or is not a plugin package.
Ask the maintainers of path_provider to either avoid referencing a default 
implementation via `platforms: windows: default_package: path_provider_windows` 
or create a plugin named path_provider_windows.

00:01 +29 -1: C:/Users/prana/OneDrive/Desktop/game/flutter-tower/test/game_integration_test.dart: Game Integration Tests Complete game flow: start to wave 3 [E]
  Expected: a value greater than <0>
    Actual: <0>
     Which: is not a value greater than <0>
  Should survive wave 4
  
  package:matcher                                     expect
  package:flutter_test/src/widget_tester.dart 473:18  expect
  test\game_integration_test.dart 71:9                main.<fn>.<fn>
  
00:01 +29 -1: C:/Users/prana/OneDrive/Desktop/game/flutter-tower/test/game_integration_test.dart: Game Integration Tests Game over when health reaches zero
Package shared_preferences:linux references shared_preferences_linux:linux as 
the default plugin, but the package does not exist, or is not a plugin package.
Ask the maintainers of shared_preferences to either avoid referencing a default 
implementation via `platforms: linux: default_package: shared_preferences_linux` 
or create a plugin named shared_preferences_linux.

Package path_provider:linux references path_provider_linux:linux as the default 
plugin, but the package does not exist, or is not a plugin package.
Ask the maintainers of path_provider to either avoid referencing a default 
implementation via `platforms: linux: default_package: path_provider_linux` or 
create a plugin named path_provider_linux.

Package shared_preferences:windows references shared_preferences_windows:windows 
as the default plugin, but the package does not exist, or is not a plugin 
package.
Ask the maintainers of shared_preferences to either avoid referencing a default 
implementation via `platforms: windows: default_package: 
shared_preferences_windows` or create a plugin named shared_preferences_windows.

Package path_provider:windows references path_provider_windows:windows as the 
default plugin, but the package does not exist, or is not a plugin package.
Ask the maintainers of path_provider to either avoid referencing a default 
implementation via `platforms: windows: default_package: path_provider_windows` 
or create a plugin named path_provider_windows.

00:01 +30 -1: C:/Users/prana/OneDrive/Desktop/game/flutter-tower/test/game_integration_test.dart: Game Integration Tests Cash accumulates from enemy kills
00:01 +31 -1: C:/Users/prana/OneDrive/Desktop/game/flutter-tower/test/game_integration_test.dart: Game Integration Tests Multiple tower types work together
00:01 +32 -1: C:/Users/prana/OneDrive/Desktop/game/flutter-tower/test/hud_widget_test.dart: HudItem Widget Tests Displays text and values correctly when showLabel is true
Package shared_preferences:linux references shared_preferences_linux:linux as 
the default plugin, but the package does not exist, or is not a plugin package.
Ask the maintainers of shared_preferences to either avoid referencing a default 
implementation via `platforms: linux: default_package: shared_preferences_linux` 
or create a plugin named shared_preferences_linux.

Package path_provider:linux references path_provider_linux:linux as the default 
plugin, but the package does not exist, or is not a plugin package.
Ask the maintainers of path_provider to either avoid referencing a default 
implementation via `platforms: linux: default_package: path_provider_linux` or 
create a plugin named path_provider_linux.

Package shared_preferences:windows references shared_preferences_windows:windows 
as the default plugin, but the package does not exist, or is not a plugin 
package.
Ask the maintainers of shared_preferences to either avoid referencing a default 
implementation via `platforms: windows: default_package: 
shared_preferences_windows` or create a plugin named shared_preferences_windows.

Package path_provider:windows references path_provider_windows:windows as the 
default plugin, but the package does not exist, or is not a plugin package.
Ask the maintainers of path_provider to either avoid referencing a default 
implementation via `platforms: windows: default_package: path_provider_windows` 
or create a plugin named path_provider_windows.

00:01 +33 -1: C:/Users/prana/OneDrive/Desktop/game/flutter-tower/test/hud_widget_test.dart: HudItem Widget Tests Displays text and values correctly when showLabel is true
00:01 +34 -1: C:/Users/prana/OneDrive/Desktop/game/flutter-tower/test/hud_widget_test.dart: HudItem Widget Tests Displays text and values correctly when showLabel is true
00:01 +35 -1: C:/Users/prana/OneDrive/Desktop/game/flutter-tower/test/hud_widget_test.dart: HudItem Widget Tests Displays text and values correctly when showLabel is true
00:01 +36 -1: C:/Users/prana/OneDrive/Desktop/game/flutter-tower/test/hud_widget_test.dart: HudItem Widget Tests Displays text and values correctly when showLabel is true
Package shared_preferences:linux references shared_preferences_linux:linux as 
the default plugin, but the package does not exist, or is not a plugin package.
Ask the maintainers of shared_preferences to either avoid referencing a default 
implementation via `platforms: linux: default_package: shared_preferences_linux` 
or create a plugin named shared_preferences_linux.

Package path_provider:linux references path_provider_linux:linux as the default 
plugin, but the package does not exist, or is not a plugin package.
Ask the maintainers of path_provider to either avoid referencing a default 
implementation via `platforms: linux: default_package: path_provider_linux` or 
create a plugin named path_provider_linux.

Package shared_preferences:windows references shared_preferences_windows:windows 
as the default plugin, but the package does not exist, or is not a plugin 
package.
Ask the maintainers of shared_preferences to either avoid referencing a default 
implementation via `platforms: windows: default_package: 
shared_preferences_windows` or create a plugin named shared_preferences_windows.

Package path_provider:windows references path_provider_windows:windows as the 
default plugin, but the package does not exist, or is not a plugin package.
Ask the maintainers of path_provider to either avoid referencing a default 
implementation via `platforms: windows: default_package: path_provider_windows` 
or create a plugin named path_provider_windows.

00:01 +37 -1: C:/Users/prana/OneDrive/Desktop/game/flutter-tower/test/hud_widget_test.dart: HudItem Widget Tests Displays text and values correctly when showLabel is true
00:01 +38 -1: C:/Users/prana/OneDrive/Desktop/game/flutter-tower/test/hud_widget_test.dart: HudItem Widget Tests Displays text and values correctly when showLabel is true
00:01 +39 -1: C:/Users/prana/OneDrive/Desktop/game/flutter-tower/test/hud_widget_test.dart: HudItem Widget Tests Displays text and values correctly when showLabel is true
00:01 +40 -1: C:/Users/prana/OneDrive/Desktop/game/flutter-tower/test/hud_widget_test.dart: HudItem Widget Tests Displays text and values correctly when showLabel is true
00:01 +41 -1: C:/Users/prana/OneDrive/Desktop/game/flutter-tower/test/hud_widget_test.dart: HudItem Widget Tests Displays text and values correctly when showLabel is true
00:01 +42 -1: C:/Users/prana/OneDrive/Desktop/game/flutter-tower/test/hud_widget_test.dart: HudItem Widget Tests Displays text and values correctly when showLabel is true
Package shared_preferences:linux references shared_preferences_linux:linux as 
the default plugin, but the package does not exist, or is not a plugin package.
Ask the maintainers of shared_preferences to either avoid referencing a default 
implementation via `platforms: linux: default_package: shared_preferences_linux` 
or create a plugin named shared_preferences_linux.

Package path_provider:linux references path_provider_linux:linux as the default 
plugin, but the package does not exist, or is not a plugin package.
Ask the maintainers of path_provider to either avoid referencing a default 
implementation via `platforms: linux: default_package: path_provider_linux` or 
create a plugin named path_provider_linux.

Package shared_preferences:windows references shared_preferences_windows:windows 
as the default plugin, but the package does not exist, or is not a plugin 
package.
Ask the maintainers of shared_preferences to either avoid referencing a default 
implementation via `platforms: windows: default_package: 
shared_preferences_windows` or create a plugin named shared_preferences_windows.

Package path_provider:windows references path_provider_windows:windows as the 
default plugin, but the package does not exist, or is not a plugin package.
Ask the maintainers of path_provider to either avoid referencing a default 
implementation via `platforms: windows: default_package: path_provider_windows` 
or create a plugin named path_provider_windows.

00:01 +43 -1: C:/Users/prana/OneDrive/Desktop/game/flutter-tower/test/performance_test.dart: Performance Tests Simulation step completes within 16ms (60fps)
00:01 +44 -1: C:/Users/prana/OneDrive/Desktop/game/flutter-tower/test/hud_widget_test.dart: HudItem Widget Tests Hides label text when showLabel is false
00:01 +45 -1: C:/Users/prana/OneDrive/Desktop/game/flutter-tower/test/hud_widget_test.dart: HudItem Widget Tests Hides label text when showLabel is false
00:01 +46 -1: C:/Users/prana/OneDrive/Desktop/game/flutter-tower/test/hud_widget_test.dart: HudItem Widget Tests Hides label text when showLabel is false
00:01 +47 -1: C:/Users/prana/OneDrive/Desktop/game/flutter-tower/test/performance_test.dart: Performance Tests Missile pool prevents excessive allocations
Package shared_preferences:linux references shared_preferences_linux:linux as 
the default plugin, but the package does not exist, or is not a plugin package.
Ask the maintainers of shared_preferences to either avoid referencing a default 
implementation via `platforms: linux: default_package: shared_preferences_linux` 
or create a plugin named shared_preferences_linux.

Package path_provider:linux references path_provider_linux:linux as the default 
plugin, but the package does not exist, or is not a plugin package.
Ask the maintainers of path_provider to either avoid referencing a default 
implementation via `platforms: linux: default_package: path_provider_linux` or 
create a plugin named path_provider_linux.

Package shared_preferences:windows references shared_preferences_windows:windows 
as the default plugin, but the package does not exist, or is not a plugin 
package.
Ask the maintainers of shared_preferences to either avoid referencing a default 
implementation via `platforms: windows: default_package: 
shared_preferences_windows` or create a plugin named shared_preferences_windows.

Package path_provider:windows references path_provider_windows:windows as the 
default plugin, but the package does not exist, or is not a plugin package.
Ask the maintainers of path_provider to either avoid referencing a default 
implementation via `platforms: windows: default_package: path_provider_windows` 
or create a plugin named path_provider_windows.

Package shared_preferences:linux references shared_preferences_linux:linux as 
the default plugin, but the package does not exist, or is not a plugin package.
Ask the maintainers of shared_preferences to either avoid referencing a default 
implementation via `platforms: linux: default_package: shared_preferences_linux` 
or create a plugin named shared_preferences_linux.

Package path_provider:linux references path_provider_linux:linux as the default 
plugin, but the package does not exist, or is not a plugin package.
Ask the maintainers of path_provider to either avoid referencing a default 
implementation via `platforms: linux: default_package: path_provider_linux` or 
create a plugin named path_provider_linux.

Package shared_preferences:windows references shared_preferences_windows:windows 
as the default plugin, but the package does not exist, or is not a plugin 
package.
Ask the maintainers of shared_preferences to either avoid referencing a default 
implementation via `platforms: windows: default_package: 
shared_preferences_windows` or create a plugin named shared_preferences_windows.

Package path_provider:windows references path_provider_windows:windows as the 
default plugin, but the package does not exist, or is not a plugin package.
Ask the maintainers of path_provider to either avoid referencing a default 
implementation via `platforms: windows: default_package: path_provider_windows` 
or create a plugin named path_provider_windows.

00:02 +48 -1: C:/Users/prana/OneDrive/Desktop/game/flutter-tower/test/td_simulation_smoke_test.dart: Premade maps load and spawn first enemy batch
00:02 +49 -1: C:/Users/prana/OneDrive/Desktop/game/flutter-tower/test/tower_combat_test.dart: Tower Combat Tower fires at enemies in range
00:02 +50 -1: C:/Users/prana/OneDrive/Desktop/game/flutter-tower/test/tower_combat_test.dart: Tower Combat Tower fires at enemies in range
00:02 +51 -1: C:/Users/prana/OneDrive/Desktop/game/flutter-tower/test/tower_combat_test.dart: Tower Combat Tower fires at enemies in range
00:02 +52 -1: C:/Users/prana/OneDrive/Desktop/game/flutter-tower/test/tower_combat_test.dart: Tower Combat Tower does not fire when on cooldown
00:02 +53 -1: C:/Users/prana/OneDrive/Desktop/game/flutter-tower/test/tower_combat_test.dart: Tower Combat Sniper targets strongest enemy
00:02 +54 -1: C:/Users/prana/OneDrive/Desktop/game/flutter-tower/test/tower_combat_test.dart: Tower Combat Cooldown updates correctly
00:02 +55 -1: C:/Users/prana/OneDrive/Desktop/game/flutter-tower/test/tower_combat_test.dart: Tower Combat Area damage hits multiple enemies
Package shared_preferences:linux references shared_preferences_linux:linux as 
the default plugin, but the package does not exist, or is not a plugin package.
Ask the maintainers of shared_preferences to either avoid referencing a default 
implementation via `platforms: linux: default_package: shared_preferences_linux` 
or create a plugin named shared_preferences_linux.

Package path_provider:linux references path_provider_linux:linux as the default 
plugin, but the package does not exist, or is not a plugin package.
Ask the maintainers of path_provider to either avoid referencing a default 
implementation via `platforms: linux: default_package: path_provider_linux` or 
create a plugin named path_provider_linux.

Package shared_preferences:windows references shared_preferences_windows:windows 
as the default plugin, but the package does not exist, or is not a plugin 
package.
Ask the maintainers of shared_preferences to either avoid referencing a default 
implementation via `platforms: windows: default_package: 
shared_preferences_windows` or create a plugin named shared_preferences_windows.

Package path_provider:windows references path_provider_windows:windows as the 
default plugin, but the package does not exist, or is not a plugin package.
Ask the maintainers of path_provider to either avoid referencing a default 
implementation via `platforms: windows: default_package: path_provider_windows` 
or create a plugin named path_provider_windows.

00:02 +56 -1: C:/Users/prana/OneDrive/Desktop/game/flutter-tower/test/tower_placement_test.dart: Tower Placement Validation Cannot place tower on wall tiles
00:02 +57 -1: C:/Users/prana/OneDrive/Desktop/game/flutter-tower/test/tower_placement_test.dart: Tower Placement Validation Cannot place tower on exit tile
00:02 +58 -1: C:/Users/prana/OneDrive/Desktop/game/flutter-tower/test/tower_placement_test.dart: Tower Placement Validation Cannot place tower on spawn points
00:02 +59 -1: C:/Users/prana/OneDrive/Desktop/game/flutter-tower/test/tower_placement_test.dart: Tower Placement Validation Cannot exceed max tower limit
00:02 +60 -1: C:/Users/prana/OneDrive/Desktop/game/flutter-tower/test/tower_placement_test.dart: Tower Placement Validation Cannot place tower that blocks all paths
00:02 +61 -1: C:/Users/prana/OneDrive/Desktop/game/flutter-tower/test/tower_placement_test.dart: Tower Placement Validation Tower placement kills enemies on tile
00:02 +62 -1: C:/Users/prana/OneDrive/Desktop/game/flutter-tower/test/tower_placement_test.dart: Tower Upgrade and Sell Tower upgrade applies correctly
00:02 +63 -1: C:/Users/prana/OneDrive/Desktop/game/flutter-tower/test/tower_placement_test.dart: Tower Upgrade and Sell Tower sell returns correct price
00:02 +64 -1: C:/Users/prana/OneDrive/Desktop/game/flutter-tower/test/tower_stats_widget_test.dart: Tower Stats Widget Displays tower information correctly
00:02 +65 -1: C:/Users/prana/OneDrive/Desktop/game/flutter-tower/test/tower_stats_widget_test.dart: Tower Stats Widget Displays tower information correctly
00:02 +66 -1: C:/Users/prana/OneDrive/Desktop/game/flutter-tower/test/tower_stats_widget_test.dart: Tower Stats Widget Displays tower information correctly
00:02 +67 -1: C:/Users/prana/OneDrive/Desktop/game/flutter-tower/test/tower_stats_widget_test.dart: Tower Stats Widget Displays tower information correctly
00:02 +68 -1: C:/Users/prana/OneDrive/Desktop/game/flutter-tower/test/tower_stats_widget_test.dart: Tower Stats Widget Displays tower information correctly
00:02 +69 -1: C:/Users/prana/OneDrive/Desktop/game/flutter-tower/test/tower_stats_widget_test.dart: Tower Stats Widget Displays tower information correctly
00:02 +70 -1: C:/Users/prana/OneDrive/Desktop/game/flutter-tower/test/tower_stats_widget_test.dart: Tower Stats Widget Displays tower information correctly
00:02 +71 -1: C:/Users/prana/OneDrive/Desktop/game/flutter-tower/test/tower_stats_widget_test.dart: Tower Stats Widget Displays tower information correctly
00:02 +72 -1: C:/Users/prana/OneDrive/Desktop/game/flutter-tower/test/tower_stats_widget_test.dart: Tower Stats Widget Displays tower information correctly
00:02 +73 -1: C:/Users/prana/OneDrive/Desktop/game/flutter-tower/test/tower_stats_widget_test.dart: Tower Stats Widget Displays tower information correctly
00:02 +74 -1: C:/Users/prana/OneDrive/Desktop/game/flutter-tower/test/tower_stats_widget_test.dart: Tower Stats Widget Shows upgrade button when available
00:03 +75 -1: C:/Users/prana/OneDrive/Desktop/game/flutter-tower/test/tower_stats_widget_test.dart: Tower Stats Widget Disables upgrade button when cannot afford
00:03 +76 -1: C:/Users/prana/OneDrive/Desktop/game/flutter-tower/test/tower_stats_widget_test.dart: Tower Stats Widget Shows sell button
00:03 +77 -1: C:/Users/prana/OneDrive/Desktop/game/flutter-tower/test/tower_stats_widget_test.dart: Tower Stats Widget Displays upgraded tower stats
00:03 +78 -1: Some tests failed.
